../Core/Src/main.c:61:6:Delay_Microseconds_DWT	24	static
../Core/Src/main.c:66:6:Delay_Milliseconds_DWT	24	static
../Core/Src/main.c:71:6:Delay_Seconds_DWT	24	static
../Core/Src/main.c:78:6:Enable_DWT	4	static
../Core/Src/main.c:87:5:main	8	static
../Core/Src/main.c:133:6:SystemClock_Config	72	static
../Core/Src/main.c:173:13:MX_GPIO_Init	32	static
../Core/Src/main.c:190:6:Start_Frame_Pulses	8	static
../Core/Src/main.c:195:6:Get_Coded_Data	16	static
../Core/Src/main.c:219:6:Decode_Data	16	static
../Core/Src/main.c:300:6:Error_Handler	4	static,ignoring_inline_asm
